========== Retry failed audio 2026-06-08T04:23:25Z ==========

--- attempt 1: ND81S3 ---

=== ND81S3: When I observe fear, that fear is me ===
  -> /Users/romankryzhanovskyi/Library/Mobile Documents/com~apple~CloudDocs/00-cod3/jiddu-krishnamurti/library/5B-seminars-india/1181-ND81S1-3/ND81S3 - When I observe fear, that fear is me.m4a
Extracting cookies from chrome
Extracted 1132 cookies from chrome
[youtube] Extracting URL: https://youtu.be/yJdIuAPkgtc
[youtube] yJdIuAPkgtc: Downloading webpage
[youtube] yJdIuAPkgtc: Downloading tv downgraded player API JSON
[youtube] yJdIuAPkgtc: Downloading player 5cabb421-main
[youtube] [jsc:deno] Solving JS challenges using deno
[youtube] yJdIuAPkgtc: Downloading m3u8 information
[info] yJdIuAPkgtc: Downloading 1 format(s): 18
[download] Sleeping 55.33 seconds ...
[download] Resuming download at byte 2160640
[download] Got error: 0 bytes read, 10109945 more expected. Retrying (1/10)...
[download] Got error: 0 bytes read, 10321509 more expected. Retrying (2/10)...
[download] Got error: 0 bytes read, 10228631 more expected. Retrying (3/10)...
[download] Got error: 0 bytes read, 10027741 more expected. Retrying (4/10)...
[download] Got error: 0 bytes read, 10362687 more expected. Retrying (5/10)...
[download] Got error: 0 bytes read, 10476037 more expected. Retrying (6/10)...
[download] Got error: 0 bytes read, 10356203 more expected. Retrying (7/10)...
[download] Got error: 0 bytes read, 10199268 more expected. Retrying (8/10)...
[download] Got error: 0 bytes read, 10362197 more expected. Retrying (9/10)...
[download] Got error: 0 bytes read, 10466118 more expected. Retrying (10/10)...
ERROR: [download] Got error: 0 bytes read, 10244655 more expected. Giving up after 10 retries

  audio FAILED (exit 1)
  subs: no manual English
ND81S3 attempt 1 exit 1
sleeping 90s before retry...
--- attempt 2: ND81S3 ---

=== ND81S3: When I observe fear, that fear is me ===
  -> /Users/romankryzhanovskyi/Library/Mobile Documents/com~apple~CloudDocs/00-cod3/jiddu-krishnamurti/library/5B-seminars-india/1181-ND81S1-3/ND81S3 - When I observe fear, that fear is me.m4a
Extracting cookies from chrome
Extracted 1134 cookies from chrome
[youtube] Extracting URL: https://youtu.be/yJdIuAPkgtc
[youtube] yJdIuAPkgtc: Downloading webpage
[youtube] yJdIuAPkgtc: Downloading tv downgraded player API JSON
[youtube] yJdIuAPkgtc: Downloading player 5cabb421-main
[youtube] [jsc:deno] Solving JS challenges using deno
[youtube] yJdIuAPkgtc: Downloading m3u8 information
[info] yJdIuAPkgtc: Downloading 1 format(s): 18
[download] Sleeping 22.01 seconds ...
[download] Resuming download at byte 2160640
[download] Got error: 0 bytes read, 10166536 more expected. Retrying (1/10)...
[download] Got error: 0 bytes read, 10204046 more expected. Retrying (2/10)...
[download] Got error: 0 bytes read, 10002083 more expected. Retrying (3/10)...
[download] Got error: 0 bytes read, 10428297 more expected. Retrying (4/10)...
[download] Got error: 0 bytes read, 10373066 more expected. Retrying (5/10)...
[download] Got error: 0 bytes read, 10388178 more expected. Retrying (6/10)...
[download] Got error: 0 bytes read, 10239556 more expected. Retrying (7/10)...
[download] Got error: 0 bytes read, 10481527 more expected. Retrying (8/10)...
[download] Got error: 0 bytes read, 10212019 more expected. Retrying (9/10)...
[download] Got error: 0 bytes read, 10232115 more expected. Retrying (10/10)...
ERROR: [download] Got error: 0 bytes read, 10309249 more expected. Giving up after 10 retries

  audio FAILED (exit 1)
  subs SKIP (already on disk)
ND81S3 attempt 2 exit 1

--- attempt 1: RV78DS4 ---

=== RV78DS4: To behave rightly is to have consideration and respect ===
  -> /Users/romankryzhanovskyi/Library/Mobile Documents/com~apple~CloudDocs/00-cod3/jiddu-krishnamurti/library/6B-k-school-discussions-india/1371-RV78DS1-7/RV78DS4 - To behave rightly is to have consideration and respect.m4a
Extracting cookies from chrome
Extracted 1133 cookies from chrome
[youtube] Extracting URL: https://youtu.be/5fdUfaTOiP8
[youtube] 5fdUfaTOiP8: Downloading webpage
[youtube] 5fdUfaTOiP8: Downloading tv downgraded player API JSON
[youtube] 5fdUfaTOiP8: Downloading player 5cabb421-main
[youtube] [jsc:deno] Solving JS challenges using deno
[youtube] 5fdUfaTOiP8: Downloading m3u8 information
[info] 5fdUfaTOiP8: Downloading 1 format(s): 18
[download] Sleeping 26.38 seconds ...
[download] Resuming download at byte 1438720
[download] Got error: 0 bytes read, 10140689 more expected. Retrying (1/10)...
[download] Got error: 0 bytes read, 10191635 more expected. Retrying (2/10)...
[download] Got error: 0 bytes read, 10325727 more expected. Retrying (3/10)...
[download] Got error: 0 bytes read, 10238704 more expected. Retrying (4/10)...
[download] Got error: 0 bytes read, 10434048 more expected. Retrying (5/10)...
[download] Got error: 0 bytes read, 10419135 more expected. Retrying (6/10)...
[download] Got error: 0 bytes read, 10435015 more expected. Retrying (7/10)...
[download] Got error: 0 bytes read, 10067586 more expected. Retrying (8/10)...
[download] Got error: 0 bytes read, 10210663 more expected. Retrying (9/10)...
[download] Got error: 0 bytes read, 10479690 more expected. Retrying (10/10)...
ERROR: [download] Got error: 0 bytes read, 10347358 more expected. Giving up after 10 retries

  audio FAILED (exit 1)
  subs SKIP (already on disk)
RV78DS4 attempt 1 exit 1
sleeping 90s before retry...
--- attempt 2: RV78DS4 ---

=== RV78DS4: To behave rightly is to have consideration and respect ===
  -> /Users/romankryzhanovskyi/Library/Mobile Documents/com~apple~CloudDocs/00-cod3/jiddu-krishnamurti/library/6B-k-school-discussions-india/1371-RV78DS1-7/RV78DS4 - To behave rightly is to have consideration and respect.m4a
Extracting cookies from chrome
Extracted 1134 cookies from chrome
[youtube] Extracting URL: https://youtu.be/5fdUfaTOiP8
[youtube] 5fdUfaTOiP8: Downloading webpage
[youtube] 5fdUfaTOiP8: Downloading tv downgraded player API JSON
[youtube] 5fdUfaTOiP8: Downloading player 5cabb421-main
[youtube] [jsc:deno] Solving JS challenges using deno
[youtube] 5fdUfaTOiP8: Downloading m3u8 information
[info] 5fdUfaTOiP8: Downloading 1 format(s): 18
[download] Sleeping 52.61 seconds ...
[download] Resuming download at byte 1438720
[download] Got error: 0 bytes read, 10180258 more expected. Retrying (1/10)...
[download] Got error: 0 bytes read, 10214426 more expected. Retrying (2/10)...
[download] Got error: 0 bytes read, 10056182 more expected. Retrying (3/10)...
[download] Got error: 0 bytes read, 9995087 more expected. Retrying (4/10)...
[download] Got error: 0 bytes read, 10438411 more expected. Retrying (5/10)...
[download] Got error: 0 bytes read, 10136042 more expected. Retrying (6/10)...
[download] Got error: 0 bytes read, 10105137 more expected. Retrying (7/10)...
[download] Got error: 0 bytes read, 10079602 more expected. Retrying (8/10)...
[download] Got error: 0 bytes read, 10159708 more expected. Retrying (9/10)...
[download] Got error: 0 bytes read, 10127723 more expected. Retrying (10/10)...
ERROR: [download] Got error: 0 bytes read, 10035640 more expected. Giving up after 10 retries

  audio FAILED (exit 1)
  subs: no manual English
RV78DS4 attempt 2 exit 1
Retry failed audio done 2026-06-08T04:31:48Z
