========== Section 2 subtitles 2026-06-08T04:54:05Z ==========
Media root: /Users/romankryzhanovskyi/Library/Mobile Documents/com~apple~CloudDocs/00-cod3/jiddu-krishnamurti

========== SECTION 2A ==========
Subtitles: 64 items (2A), manual en/en-US/en-GB only
  Cookies: exported from chrome

[1/64] GS66DYP1: Is it possible to be free of fear?
  no manual English subtitles

[2/64] GS66DYP2: Why don’t you see violence as danger?
  no manual English subtitles

[3/64] GS66DYP3: Why don’t you stop when you are confused?
  no manual English subtitles

[4/64] OJ66TYP1: Education is the cultivation of the total person
  no manual English subtitles

[5/64] AM67DYP1: What does it mean to be totally free?
  no manual English subtitles

[6/64] AM67DYP2: When one observes a fact without knowledge then one can
  no manual English subtitles

[7/64] AM67DYP3: Is there such thing as free will?
  no manual English subtitles

[8/64] AM68DYP1: When I say I must know myself, what is ‘myself’?
  no manual English subtitles

[9/64] AM68DYP2: To change without effort
  no manual English subtitles

[10/64] AM68DYP3: Thought operates in the present having its root in the 
  no manual English subtitles

[11/64] AM68DYP4: It is only in freedom that there can be love
  no manual English subtitles

[12/64] SA68DYP1: Why do I want to fulfil myself?
  no manual English subtitles

[13/64] SA68DYP2: When are we aware of the image-making process?
  no manual English subtitles

[14/64] SA68DYP3: Non-fragmentary action in a fragmented world
  no manual English subtitles

[15/64] SA68DYP4: Do we build images to protect ourselves?
  no manual English subtitles

[16/64] BN68TYP1: Psychological revolution without time
  no manual English subtitles

[17/64] BN68DYP1: A mind caught in thought
  no manual English subtitles

[18/64] BN68TYP2: Fear and awareness
  no manual English subtitles

[19/64] BN68DYP2: A life without fragmentation
  no manual English subtitles

[20/64] BN68TYP3: Meditation, virtue, love and order
  no manual English subtitles

[21/64] BN68S: A way of living that cannot be taught by another
  no manual English subtitles

[22/64] CL68TYP1: A radical transformation in the psyche itself
  SKIP (already on disk)

[23/64] CL68TYP2: Thought is the cause of fear
  SKIP (already on disk)

[24/64] CL68DYP1: Freedom of choice is not freedom
  SKIP (already on disk)

[25/64] CL68DYP2: Learning is action
  SKIP (already on disk)

[26/64] CL68DYP3: Is it possible to end the thousand yesterdays?
  SKIP (already on disk)

[27/64] CL68DYP4: Can the mind be free of thought?
  SKIP (already on disk)

[28/64] CL68DYP5: The mind that is free of authority is a very intense, a
  SKIP (already on disk)

[29/64] CL68TYP3: The benediction of meditation
  SKIP (already on disk)

[30/64] ML6869DYP1: Is analysis the way for the mind to learn about itself?
  no manual English subtitles

[31/64] ML6869DYP2: How do I become aware of my conditioning?
  no manual English subtitles

[32/64] ML6869DYP3: Thought creates fear of the pain of tomorrow
  no manual English subtitles

[33/64] ML6869DYP4: A brain overcrowded with memories becomes confused
  no manual English subtitles

[34/64] ML6869DYP5: Can the mind be free of fear, pain and pleasure?
  no manual English subtitles

[35/64] ML6869DYP6: Can the mind look at violence as it arises, as though f
  no manual English subtitles

[36/64] ML6869DYP7: Is there a discipline without the act of will?
  no manual English subtitles

[37/64] ML6869DYP8: What is the state of a mind that is necessary to learn?
  no manual English subtitles

[38/64] ML6869DYP9: Loneliness and intelligence
  no manual English subtitles

[39/64] ML6869DYP10: What is the relationship between a free mind and an org
  no manual English subtitles

[40/64] ML6869DYP11: Living without assumption
  no manual English subtitles

[41/64] ML6869DYP12: What is the element that brings about a tremendous inst
  no manual English subtitles

[42/64] ML6869DYP13: How do we gather the energy needed to change?
  no manual English subtitles

[43/64] ML6869DYP14: The possible and the impossible
  no manual English subtitles

[44/64] PA69DYP1: What is the state of the mind when the observer is not?
  no manual English subtitles

[45/64] PA69DYP2: What am I to do in life?
  no manual English subtitles

[46/64] PA69DYP3: Why are we confused?
  no manual English subtitles

[47/64] PA69DYP4: Looking at pleasure and pain
  no manual English subtitles

[48/64] AM69DYP1: Can I live harmoniously?
  no manual English subtitles

[49/64] AM69DYP2: What am I to watch when all is me?
  no manual English subtitles

[50/64] AM69DYP3: Learning has nothing to do with criticism or experienci
  no manual English subtitles

[51/64] AM69DYP4: Thought is a movement in fear and pleasure
  no manual English subtitles

[52/64] BR69DSG: The central cause of all conflict
  no manual English subtitles

[53/64] SC69DYP1: Conflict and meditation
  no manual English subtitles

[54/64] SC69DYP2: Conflict and conclusions
  no manual English subtitles

[55/64] SC69DYP3: On religious life, change and fear
  no manual English subtitles

[56/64] SD70DYP: How can the mind free itself of its accumulated violenc
  no manual English subtitles

[57/64] ML70DYP: Relationship without the past interfering
  no manual English subtitles

[58/64] SA70DYP1: What is your vocation?
  no manual English subtitles

[59/64] SA70DYP2: How do you know you are confused?
  no manual English subtitles

[60/64] FL70TYP: What is totally harmonious action?
  no manual English subtitles

[61/64] SD71DYP1: Can human beings radically bring about in themselves a 
  SKIP (already on disk)

[62/64] SD71DYP2: A possibility of change
[youtube] Extracting URL: https://youtu.be/ZRa3v7uHK1k
[youtube] ZRa3v7uHK1k: Downloading webpage
[youtube] ZRa3v7uHK1k: Downloading android vr player API JSON
[youtube] ZRa3v7uHK1k: Downloading player 5cabb421-main
[youtube] [jsc:deno] Solving JS challenges using deno
[youtube] ZRa3v7uHK1k: Downloading m3u8 information
[info] ZRa3v7uHK1k: Downloading subtitles: en
[info] ZRa3v7uHK1k: Downloading 1 format(s): 135+251
[info] Writing video subtitles to: /Users/romankryzhanovskyi/Library/Mobile Documents/com~apple~CloudDocs/00-cod3/jiddu-krishnamurti/library/2A-meetings-with-young-people-usa-and-europe/0928-SD71DYP1-2/SD71DYP2 - A possibility of change.en.vtt
WARNING: The extractor specified to use impersonation for this download, but no impersonate target is available. If you encounter errors, then see  https://github.com/yt-dlp/yt-dlp#impersonation  for information on installing the required dependencies
[download] Destination: /Users/romankryzhanovskyi/Library/Mobile Documents/com~apple~CloudDocs/00-cod3/jiddu-krishnamurti/library/2A-meetings-with-young-people-usa-and-europe/0928-SD71DYP1-2/SD71DYP2 - A possibility of change.en.vtt
[download]    1.00KiB at  Unknown B/s (00:00:00)[download]    3.00KiB at    1.18MiB/s (00:00:00)[download]    7.00KiB at    2.44MiB/s (00:00:00)[download]   15.00KiB at    4.80MiB/s (00:00:00)[download]   31.00KiB at    9.09MiB/s (00:00:00)[download]   40.79KiB at   10.83MiB/s (00:00:00)[download] 100% of   40.79KiB in 00:00:00 at 347.20KiB/s
  OK

[63/64] AM71DYP: What is the root of isolation?
  SKIP (already on disk)

[64/64] OJ72DYP: Questioning everything
  SKIP (already on disk)

Done: 1 downloaded, 11 skipped, 52 missing manual EN, 0 failed
Section 2A exit 0

========== SECTION 2B ==========
Subtitles: 5 items (2B), manual en/en-US/en-GB only
  Cookies: exported from chrome

[1/5] MA71DYP: Looking without conclusion
  SKIP (already on disk)

[2/5] MA84DYP1: It is more important to understand violence than to bec
  no manual English subtitles

[3/5] MA84DYP2: What is the relationship between highly educated, speci
  SKIP (already on disk)

[4/5] BO84IIT: What place has knowledge in human relationship?
  SKIP (already on disk)

[5/5] MA85DYP: What causes war? A discussion with IIT students
  no manual English subtitles

Done: 0 downloaded, 3 skipped, 2 missing manual EN, 0 failed
Section 2B exit 0
Section 2 subtitles done 2026-06-08T05:00:56Z
